

================================================================
== Vivado HLS Report for 'Loop_l_f1d_col_proc2'
================================================================
* Date:           Fri May  1 00:15:30 2020

* Version:        2019.1 (Build 2552052 on Fri May 24 15:28:33 MDT 2019)
* Project:        proj
* Solution:       solution1
* Product family: zynquplus
* Target device:  xczu7ev-ffvc1156-2-e


================================================================
== Performance Estimates
================================================================
+ Timing (ns): 
    * Summary: 
    +--------+-------+----------+------------+
    |  Clock | Target| Estimated| Uncertainty|
    +--------+-------+----------+------------+
    |ap_clk  |   2.50|     2.188|        0.31|
    +--------+-------+----------+------------+

+ Latency (clock cycles): 
    * Summary: 
    +------+------+------+------+---------+
    |   Latency   |   Interval  | Pipeline|
    |  min |  max |  min |  max |   Type  |
    +------+------+------+------+---------+
    |  8897|  8897|  8897|  8897|   none  |
    +------+------+------+------+---------+

    + Detail: 
        * Instance: 
        +--------------------+---------+-----+-----+-----+-----+----------+
        |                    |         |  Latency  |  Interval | Pipeline |
        |      Instance      |  Module | min | max | min | max |   Type   |
        +--------------------+---------+-----+-----+-----+-----+----------+
        |grp_fft1d_0_fu_131  |fft1d_0  |  179|  179|  180|  180| dataflow |
        +--------------------+---------+-----+-----+-----+-----+----------+

        * Loop: 
        +----------------+------+------+----------+-----------+-----------+------+----------+
        |                |   Latency   | Iteration|  Initiation Interval  | Trip |          |
        |    Loop Name   |  min |  max |  Latency |  achieved |   target  | Count| Pipelined|
        +----------------+------+------+----------+-----------+-----------+------+----------+
        |- l_f1d_col     |  8896|  8896|       278|          -|          -|    32|    no    |
        | + l_f1d_col.1  |    96|    96|         3|          -|          -|    32|    no    |
        +----------------+------+------+----------+-----------+-----------+------+----------+



================================================================
== Utilization Estimates
================================================================
* Summary: 
+-----------------+---------+-------+--------+--------+-----+
|       Name      | BRAM_18K| DSP48E|   FF   |   LUT  | URAM|
+-----------------+---------+-------+--------+--------+-----+
|DSP              |        -|      -|       -|       -|    -|
|Expression       |        -|      -|       0|      75|    -|
|FIFO             |        4|      -|      81|      74|    -|
|Instance         |       10|      0|    7262|    5782|    -|
|Memory           |        -|      -|       -|       -|    -|
|Multiplexer      |        -|      -|       -|      92|    -|
|Register         |        -|      -|     104|       -|    -|
+-----------------+---------+-------+--------+--------+-----+
|Total            |       14|      0|    7447|    6023|    0|
+-----------------+---------+-------+--------+--------+-----+
|Available        |      624|   1728|  460800|  230400|   96|
+-----------------+---------+-------+--------+--------+-----+
|Utilization (%)  |        2|      0|       1|       2|    0|
+-----------------+---------+-------+--------+--------+-----+

+ Detail: 
    * Instance: 
    +--------------------+---------+---------+-------+------+------+-----+
    |      Instance      |  Module | BRAM_18K| DSP48E|  FF  |  LUT | URAM|
    +--------------------+---------+---------+-------+------+------+-----+
    |grp_fft1d_0_fu_131  |fft1d_0  |       10|      0|  7262|  5782|    0|
    +--------------------+---------+---------+-------+------+------+-----+
    |Total               |         |       10|      0|  7262|  5782|    0|
    +--------------------+---------+---------+-------+------+------+-----+

    * DSP48E: 
    N/A

    * Memory: 
    N/A

    * FIFO: 
    +--------------------------+---------+----+----+-----+------+-----+---------+
    |           Name           | BRAM_18K| FF | LUT| URAM| Depth| Bits| Size:D*B|
    +--------------------------+---------+----+----+-----+------+-----+---------+
    |xn_mid_col_fifo_V_fifo_U  |        4|  81|   0|    -|    32|   64|     2048|
    +--------------------------+---------+----+----+-----+------+-----+---------+
    |Total                     |        4|  81|   0|    0|    32|   64|     2048|
    +--------------------------+---------+----+----+-----+------+-----+---------+

    * Expression: 
    +-------------------------------------+----------+-------+---+----+------------+------------+
    |            Variable Name            | Operation| DSP48E| FF| LUT| Bitwidth P0| Bitwidth P1|
    +-------------------------------------+----------+-------+---+----+------------+------------+
    |i_fu_144_p2                          |     +    |      0|  0|  15|           6|           1|
    |index_fu_178_p2                      |     +    |      0|  0|  17|          10|          10|
    |j_fu_168_p2                          |     +    |      0|  0|  15|           6|           1|
    |icmp_ln155_fu_138_p2                 |   icmp   |      0|  0|  11|           6|           7|
    |icmp_ln157_fu_162_p2                 |   icmp   |      0|  0|  11|           6|           7|
    |ap_block_state1                      |    or    |      0|  0|   2|           1|           1|
    |ap_sync_grp_fft1d_0_fu_131_ap_done   |    or    |      0|  0|   2|           1|           1|
    |ap_sync_grp_fft1d_0_fu_131_ap_ready  |    or    |      0|  0|   2|           1|           1|
    +-------------------------------------+----------+-------+---+----+------------+------------+
    |Total                                |          |      0|  0|  75|          37|          29|
    +-------------------------------------+----------+-------+---+----+------------+------------+

    * Multiplexer: 
    +-------------------------+----+-----------+-----+-----------+
    |           Name          | LUT| Input Size| Bits| Total Bits|
    +-------------------------+----+-----------+-----+-----------+
    |ap_NS_fsm                |  38|          7|    1|          7|
    |ap_done                  |   9|          2|    1|          2|
    |i4_0_reg_109             |   9|          2|    6|         12|
    |j5_0_reg_120             |   9|          2|    6|         12|
    |real_start               |   9|          2|    1|          2|
    |xk_mid_col_fifo_V_write  |   9|          2|    1|          2|
    |xn_mid_col_fifo_V_read   |   9|          2|    1|          2|
    +-------------------------+----+-----------+-----+-----------+
    |Total                    |  92|         19|   17|         39|
    +-------------------------+----+-----------+-----+-----------+

    * Register: 
    +-----------------------------------------+----+----+-----+-----------+
    |                   Name                  | FF | LUT| Bits| Const Bits|
    +-----------------------------------------+----+----+-----+-----------+
    |ap_CS_fsm                                |   6|   0|    6|          0|
    |ap_done_reg                              |   1|   0|    1|          0|
    |ap_sync_reg_grp_fft1d_0_fu_131_ap_done   |   1|   0|    1|          0|
    |ap_sync_reg_grp_fft1d_0_fu_131_ap_ready  |   1|   0|    1|          0|
    |grp_fft1d_0_fu_131_ap_start_reg          |   1|   0|    1|          0|
    |i4_0_reg_109                             |   6|   0|    6|          0|
    |i_reg_197                                |   6|   0|    6|          0|
    |j5_0_reg_120                             |   6|   0|    6|          0|
    |j_reg_210                                |   6|   0|    6|          0|
    |shl_ln_reg_202                           |   5|   0|   10|          5|
    |start_once_reg                           |   1|   0|    1|          0|
    |tmp_4_reg_220                            |  64|   0|   64|          0|
    +-----------------------------------------+----+----+-----+-----------+
    |Total                                    | 104|   0|  109|          5|
    +-----------------------------------------+----+----+-----+-----------+



================================================================
== Interface
================================================================
* Summary: 
+--------------------------+-----+-----+------------+----------------------+--------------+
|         RTL Ports        | Dir | Bits|  Protocol  |     Source Object    |    C Type    |
+--------------------------+-----+-----+------------+----------------------+--------------+
|ap_clk                    |  in |    1| ap_ctrl_hs | Loop_l_f1d_col_proc2 | return value |
|ap_rst                    |  in |    1| ap_ctrl_hs | Loop_l_f1d_col_proc2 | return value |
|ap_start                  |  in |    1| ap_ctrl_hs | Loop_l_f1d_col_proc2 | return value |
|start_full_n              |  in |    1| ap_ctrl_hs | Loop_l_f1d_col_proc2 | return value |
|ap_done                   | out |    1| ap_ctrl_hs | Loop_l_f1d_col_proc2 | return value |
|ap_continue               |  in |    1| ap_ctrl_hs | Loop_l_f1d_col_proc2 | return value |
|ap_idle                   | out |    1| ap_ctrl_hs | Loop_l_f1d_col_proc2 | return value |
|ap_ready                  | out |    1| ap_ctrl_hs | Loop_l_f1d_col_proc2 | return value |
|start_out                 | out |    1| ap_ctrl_hs | Loop_l_f1d_col_proc2 | return value |
|start_write               | out |    1| ap_ctrl_hs | Loop_l_f1d_col_proc2 | return value |
|xk_mid_col_fifo_V_din     | out |   64|   ap_fifo  |   xk_mid_col_fifo_V  |    pointer   |
|xk_mid_col_fifo_V_full_n  |  in |    1|   ap_fifo  |   xk_mid_col_fifo_V  |    pointer   |
|xk_mid_col_fifo_V_write   | out |    1|   ap_fifo  |   xk_mid_col_fifo_V  |    pointer   |
|arr0_address0             | out |   10|  ap_memory |         arr0         |     array    |
|arr0_ce0                  | out |    1|  ap_memory |         arr0         |     array    |
|arr0_q0                   |  in |   64|  ap_memory |         arr0         |     array    |
+--------------------------+-----+-----+------------+----------------------+--------------+

